[2026-02-26 01:36:45] [HIGH] [privilege_escalation] Unknown process 'updater_x86' requested admin privileges
[2026-02-26 01:36:49] [LOW] [permission] Zoom.app accessed camera
[2026-02-26 01:36:53] [HIGH] [unauthorized_access] New login attempt: root@localhost via SSH
[2026-02-26 01:36:57] [HIGH] [suspicious_file_access] Python script accessed /etc/hosts file
[2026-02-26 01:37:01] [HIGH] [scareware] Pop-up notification: 'Your Mac is infected! Click to clean'
[2026-02-26 01:37:05] [MEDIUM] [permission] Spotify.app accessed microphone
[2026-02-26 01:37:09] [LOW] [browser] com.apple.Safari launched by user
[2026-02-26 01:37:13] [HIGH] [malware] Unknown binary executed from /tmp/install.sh
[2026-02-26 01:37:17] [LOW] [browser] com.apple.Safari launched by user
[2026-02-26 01:37:21] [HIGH] [malware] Installation package 'AdobeFlash.dmg' downloaded from 185.220.101.34
[2026-02-26 01:37:25] [HIGH] [malware] Unknown binary executed from /tmp/install.sh
[2026-02-26 01:37:29] [HIGH] [unauthorized_access] New login attempt: root@localhost via SSH
[2026-02-26 01:37:33] [HIGH] [suspicious_file_access] Python script accessed /etc/hosts file
[2026-02-26 01:37:37] [HIGH] [malware] Installation package 'AdobeFlash.dmg' downloaded from 185.220.101.34
[2026-02-26 01:37:41] [HIGH] [phishing] Incoming email from paypal-secure@paypal-update.net
[2026-02-26 01:37:45] [HIGH] [malware] Installation package 'AdobeFlash.dmg' downloaded from 185.220.101.34
[2026-02-26 01:37:49] [LOW] [browser] com.apple.Safari launched by user
[2026-02-26 01:37:53] [MEDIUM] [permission] Spotify.app accessed microphone
[2026-02-26 01:37:57] [HIGH] [scareware] Pop-up notification: 'Your Mac is infected! Click to clean'
[2026-02-26 01:38:01] [HIGH] [phishing] Incoming email from paypal-secure@paypal-update.net
[2026-02-26 01:38:05] [HIGH] [suspicious_file_access] Python script accessed /etc/hosts file
[2026-02-26 01:38:09] [MEDIUM] [permission] Spotify.app accessed microphone
[2026-02-26 01:38:13] [HIGH] [c2_communication] DNS query to known malicious domain: track-metrics-cdn.ru
[2026-02-26 01:38:17] [HIGH] [phishing] Incoming email from paypal-secure@paypal-update.net
[2026-02-26 01:38:21] [HIGH] [c2_communication] DNS query to known malicious domain: track-metrics-cdn.ru
[2026-02-26 01:38:25] [HIGH] [unauthorized_access] New login attempt: root@localhost via SSH
[2026-02-26 01:38:29] [HIGH] [suspicious_file_access] Python script accessed /etc/hosts file
[2026-02-26 01:38:33] [HIGH] [suspicious_file_access] Python script accessed /etc/hosts file
[2026-02-26 01:38:37] [LOW] [browser] com.apple.Safari launched by user
[2026-02-26 01:38:41] [HIGH] [privilege_escalation] Unknown process 'updater_x86' requested admin privileges
[2026-02-26 01:38:45] [HIGH] [privilege_escalation] Unknown process 'updater_x86' requested admin privileges
[2026-02-27 16:47:31] [MEDIUM] [permission] Spotify.app accessed microphone
[2026-02-27 16:47:35] [MEDIUM] [permission] Spotify.app accessed microphone
[2026-02-27 16:47:39] [HIGH] [suspicious_file_access] Python script accessed /etc/hosts file
[2026-02-27 17:01:05] [HIGH] [privilege_escalation] Unknown process 'updater_x86' requested admin privileges
[2026-02-27 17:01:09] [HIGH] [suspicious_file_access] Python script accessed /etc/hosts file
[2026-02-27 17:01:13] [MEDIUM] [permission] Spotify.app accessed microphone
[2026-02-27 17:01:17] [HIGH] [malware] Unknown binary executed from /tmp/install.sh
[2026-02-27 17:01:22] [HIGH] [scareware] Pop-up notification: 'Your Mac is infected! Click to clean'
[2026-02-27 17:03:21] [MEDIUM] [permission] Spotify.app accessed microphone
[2026-02-27 17:03:25] [HIGH] [scareware] Pop-up notification: 'Your Mac is infected! Click to clean'
[2026-02-27 17:03:29] [HIGH] [c2_communication] DNS query to known malicious domain: track-metrics-cdn.ru
[2026-02-27 18:04:40] [LOW] [permission] Zoom.app accessed camera
[2026-02-27 18:04:44] [HIGH] [phishing] Incoming email from paypal-secure@paypal-update.net
[2026-02-27 18:04:48] [HIGH] [suspicious_file_access] Python script accessed /etc/hosts file
[2026-02-27 18:04:52] [HIGH] [c2_communication] DNS query to known malicious domain: track-metrics-cdn.ru
[2026-02-27 18:04:56] [HIGH] [malware] Unknown binary executed from /tmp/install.sh
[2026-02-27 18:05:01] [HIGH] [phishing] Incoming email from paypal-secure@paypal-update.net
[2026-02-27 18:05:05] [LOW] [browser] com.apple.Safari launched by user
[2026-02-27 18:05:09] [LOW] [system] iCloud backup completed successfully
[2026-02-27 18:05:13] [HIGH] [phishing] Incoming email from paypal-secure@paypal-update.net
[2026-02-27 18:05:17] [HIGH] [suspicious_file_access] Python script accessed /etc/hosts file
[2026-02-27 18:05:21] [HIGH] [unauthorized_access] New login attempt: root@localhost via SSH
[2026-02-27 18:05:25] [HIGH] [malware] Unknown binary executed from /tmp/install.sh
[2026-02-27 18:05:29] [LOW] [system] iCloud backup completed successfully
[2026-02-27 18:05:33] [MEDIUM] [browser_hijack] Chrome extension installed: ID=unknown, source=third-party
[2026-02-27 18:05:37] [LOW] [system] System update check from apple.com
[2026-02-27 18:05:41] [HIGH] [phishing] Incoming email from paypal-secure@paypal-update.net
[2026-02-27 18:05:45] [MEDIUM] [permission] Spotify.app accessed microphone
[2026-02-27 18:05:49] [HIGH] [malware] Installation package 'AdobeFlash.dmg' downloaded from 185.220.101.34
[2026-02-27 18:05:53] [MEDIUM] [permission] Spotify.app accessed microphone
[2026-02-27 18:05:57] [MEDIUM] [permission] Spotify.app accessed microphone
[2026-02-27 18:06:01] [HIGH] [privilege_escalation] Unknown process 'updater_x86' requested admin privileges
[2026-02-27 18:06:06] [HIGH] [c2_communication] DNS query to known malicious domain: track-metrics-cdn.ru
[2026-02-27 18:06:10] [MEDIUM] [browser_hijack] Chrome extension installed: ID=unknown, source=third-party
[2026-02-27 18:06:14] [HIGH] [unauthorized_access] New login attempt: root@localhost via SSH
[2026-02-27 18:06:18] [HIGH] [malware] Installation package 'AdobeFlash.dmg' downloaded from 185.220.101.34
[2026-02-27 18:06:22] [LOW] [permission] Zoom.app accessed camera
[2026-02-27 18:06:26] [HIGH] [privilege_escalation] Unknown process 'updater_x86' requested admin privileges
[2026-02-27 18:06:30] [LOW] [system] iCloud backup completed successfully
[2026-02-27 18:08:15] [MEDIUM] [browser_hijack] Chrome extension installed: ID=unknown, source=third-party
[2026-02-27 18:08:19] [HIGH] [malware] Unknown binary executed from /tmp/install.sh
[2026-02-27 18:08:23] [LOW] [system] System update check from apple.com
[2026-02-27 18:08:27] [HIGH] [privilege_escalation] Unknown process 'updater_x86' requested admin privileges
[2026-02-27 18:08:31] [LOW] [system] System update check from apple.com
[2026-02-27 18:08:35] [MEDIUM] [permission] Spotify.app accessed microphone
[2026-02-27 18:08:39] [HIGH] [malware] Installation package 'AdobeFlash.dmg' downloaded from 185.220.101.34
[2026-02-27 18:08:43] [MEDIUM] [browser_hijack] Chrome extension installed: ID=unknown, source=third-party
[2026-02-27 18:08:47] [HIGH] [malware] Installation package 'AdobeFlash.dmg' downloaded from 185.220.101.34
[2026-02-27 18:08:52] [HIGH] [suspicious_file_access] Python script accessed /etc/hosts file
[2026-02-27 18:08:56] [HIGH] [suspicious_file_access] Python script accessed /etc/hosts file
[2026-02-27 18:09:00] [LOW] [browser] com.apple.Safari launched by user
[2026-02-27 18:09:04] [HIGH] [unauthorized_access] New login attempt: root@localhost via SSH
[2026-02-27 18:09:08] [LOW] [browser] com.apple.Safari launched by user
[2026-02-27 18:09:12] [LOW] [permission] Zoom.app accessed camera
[2026-02-27 18:09:16] [LOW] [system] iCloud backup completed successfully
[2026-02-27 18:09:20] [LOW] [system] System update check from apple.com
[2026-02-27 18:09:24] [HIGH] [unauthorized_access] New login attempt: root@localhost via SSH
[2026-02-27 18:09:28] [HIGH] [malware] Installation package 'AdobeFlash.dmg' downloaded from 185.220.101.34
[2026-02-27 18:09:33] [HIGH] [suspicious_file_access] Python script accessed /etc/hosts file
[2026-02-27 18:09:37] [LOW] [system] iCloud backup completed successfully
[2026-02-27 18:09:41] [LOW] [permission] Zoom.app accessed camera
[2026-02-27 18:09:45] [LOW] [system] System update check from apple.com
[2026-02-27 18:09:49] [HIGH] [malware] Installation package 'AdobeFlash.dmg' downloaded from 185.220.101.34
[2026-02-27 18:09:53] [HIGH] [unauthorized_access] New login attempt: root@localhost via SSH
[2026-02-27 18:09:57] [LOW] [system] System update check from apple.com
[2026-02-27 18:10:01] [LOW] [permission] Zoom.app accessed camera
[2026-02-27 18:10:05] [HIGH] [phishing] Incoming email from paypal-secure@paypal-update.net
[2026-02-27 18:10:10] [MEDIUM] [permission] Spotify.app accessed microphone
[2026-02-27 18:10:14] [LOW] [browser] com.apple.Safari launched by user
[2026-02-27 18:10:18] [LOW] [permission] Zoom.app accessed camera
[2026-02-27 18:10:22] [HIGH] [privilege_escalation] Unknown process 'updater_x86' requested admin privileges
[2026-02-27 18:10:26] [HIGH] [scareware] Pop-up notification: 'Your Mac is infected! Click to clean'
[2026-02-27 18:10:30] [LOW] [system] iCloud backup completed successfully
[2026-02-27 18:10:34] [LOW] [system] iCloud backup completed successfully
[2026-02-27 18:10:38] [LOW] [browser] com.apple.Safari launched by user
[2026-02-27 18:10:42] [HIGH] [phishing] Incoming email from paypal-secure@paypal-update.net
[2026-02-27 18:10:46] [HIGH] [c2_communication] DNS query to known malicious domain: track-metrics-cdn.ru
[2026-02-27 18:10:50] [HIGH] [scareware] Pop-up notification: 'Your Mac is infected! Click to clean'
[2026-02-27 18:10:55] [MEDIUM] [permission] Spotify.app accessed microphone
[2026-02-27 18:10:59] [HIGH] [unauthorized_access] New login attempt: root@localhost via SSH
[2026-02-27 18:11:03] [HIGH] [phishing] Incoming email from paypal-secure@paypal-update.net
[2026-02-27 18:11:08] [HIGH] [malware] Unknown binary executed from /tmp/install.sh
[2026-02-27 18:11:12] [HIGH] [unauthorized_access] New login attempt: root@localhost via SSH
[2026-02-27 18:11:16] [MEDIUM] [permission] Spotify.app accessed microphone
[2026-02-27 18:11:20] [HIGH] [unauthorized_access] New login attempt: root@localhost via SSH
[2026-02-27 18:11:24] [LOW] [system] iCloud backup completed successfully
[2026-02-27 18:11:28] [HIGH] [privilege_escalation] Unknown process 'updater_x86' requested admin privileges
[2026-02-27 18:11:32] [HIGH] [c2_communication] DNS query to known malicious domain: track-metrics-cdn.ru
[2026-02-27 18:11:37] [HIGH] [malware] Unknown binary executed from /tmp/install.sh
[2026-02-27 18:11:41] [HIGH] [malware] Unknown binary executed from /tmp/install.sh
[2026-02-27 18:11:45] [LOW] [permission] Zoom.app accessed camera
[2026-02-27 18:11:49] [LOW] [system] System update check from apple.com
[2026-02-27 18:11:53] [MEDIUM] [permission] Spotify.app accessed microphone
[2026-02-27 18:11:57] [HIGH] [phishing] Incoming email from paypal-secure@paypal-update.net
[2026-02-27 18:12:01] [LOW] [browser] com.apple.Safari launched by user
[2026-02-27 18:12:05] [HIGH] [c2_communication] DNS query to known malicious domain: track-metrics-cdn.ru
[2026-02-27 18:12:10] [LOW] [system] iCloud backup completed successfully
[2026-02-27 18:12:14] [HIGH] [privilege_escalation] Unknown process 'updater_x86' requested admin privileges
[2026-02-27 18:12:19] [HIGH] [scareware] Pop-up notification: 'Your Mac is infected! Click to clean'
[2026-02-27 18:12:23] [HIGH] [phishing] Incoming email from paypal-secure@paypal-update.net
[2026-02-27 18:12:28] [HIGH] [suspicious_file_access] Python script accessed /etc/hosts file
[2026-02-27 18:12:33] [LOW] [browser] com.apple.Safari launched by user
[2026-02-27 18:12:37] [HIGH] [c2_communication] DNS query to known malicious domain: track-metrics-cdn.ru
[2026-02-27 18:12:41] [MEDIUM] [permission] Spotify.app accessed microphone
[2026-02-27 18:12:45] [LOW] [permission] Zoom.app accessed camera
[2026-02-27 18:12:49] [HIGH] [suspicious_file_access] Python script accessed /etc/hosts file
[2026-02-27 18:12:54] [HIGH] [privilege_escalation] Unknown process 'updater_x86' requested admin privileges
[2026-02-27 18:12:58] [LOW] [permission] Zoom.app accessed camera
[2026-02-27 18:13:02] [HIGH] [scareware] Pop-up notification: 'Your Mac is infected! Click to clean'
[2026-02-27 18:13:07] [LOW] [permission] Zoom.app accessed camera
[2026-02-27 18:13:11] [HIGH] [scareware] Pop-up notification: 'Your Mac is infected! Click to clean'
[2026-02-27 18:13:16] [MEDIUM] [permission] Spotify.app accessed microphone
[2026-02-27 18:13:20] [LOW] [browser] com.apple.Safari launched by user
[2026-02-27 18:13:24] [LOW] [browser] com.apple.Safari launched by user
[2026-02-27 18:13:28] [LOW] [system] iCloud backup completed successfully
[2026-02-27 18:13:32] [HIGH] [scareware] Pop-up notification: 'Your Mac is infected! Click to clean'
[2026-02-27 18:13:37] [HIGH] [c2_communication] DNS query to known malicious domain: track-metrics-cdn.ru
[2026-02-27 18:13:41] [HIGH] [malware] Installation package 'AdobeFlash.dmg' downloaded from 185.220.101.34
[2026-02-27 18:13:45] [HIGH] [phishing] Incoming email from paypal-secure@paypal-update.net
[2026-02-27 18:13:50] [HIGH] [scareware] Pop-up notification: 'Your Mac is infected! Click to clean'
[2026-02-27 18:13:54] [HIGH] [malware] Installation package 'AdobeFlash.dmg' downloaded from 185.220.101.34
[2026-02-27 18:13:58] [HIGH] [malware] Unknown binary executed from /tmp/install.sh
[2026-02-27 18:14:03] [HIGH] [malware] Installation package 'AdobeFlash.dmg' downloaded from 185.220.101.34
[2026-02-27 18:14:07] [HIGH] [privilege_escalation] Unknown process 'updater_x86' requested admin privileges
[2026-02-27 18:14:11] [HIGH] [privilege_escalation] Unknown process 'updater_x86' requested admin privileges
[2026-02-27 18:14:16] [HIGH] [malware] Installation package 'AdobeFlash.dmg' downloaded from 185.220.101.34
[2026-02-27 18:14:20] [HIGH] [suspicious_file_access] Python script accessed /etc/hosts file
[2026-02-27 18:14:24] [HIGH] [suspicious_file_access] Python script accessed /etc/hosts file
[2026-02-27 18:14:28] [HIGH] [c2_communication] DNS query to known malicious domain: track-metrics-cdn.ru
[2026-02-27 18:14:33] [HIGH] [malware] Unknown binary executed from /tmp/install.sh
[2026-02-27 18:14:37] [HIGH] [phishing] Incoming email from paypal-secure@paypal-update.net
[2026-02-27 18:14:41] [HIGH] [malware] Unknown binary executed from /tmp/install.sh
[2026-02-27 18:14:45] [HIGH] [c2_communication] DNS query to known malicious domain: track-metrics-cdn.ru
[2026-02-27 18:14:50] [LOW] [system] iCloud backup completed successfully
[2026-02-27 18:14:54] [HIGH] [malware] Unknown binary executed from /tmp/install.sh
[2026-02-27 18:14:58] [HIGH] [suspicious_file_access] Python script accessed /etc/hosts file
[2026-02-27 18:15:02] [LOW] [system] System update check from apple.com
[2026-02-27 18:15:06] [LOW] [browser] com.apple.Safari launched by user
[2026-02-27 18:15:10] [HIGH] [malware] Installation package 'AdobeFlash.dmg' downloaded from 185.220.101.34
[2026-02-27 18:15:14] [HIGH] [malware] Unknown binary executed from /tmp/install.sh
[2026-02-27 18:15:18] [LOW] [browser] com.apple.Safari launched by user
[2026-02-27 18:15:22] [MEDIUM] [permission] Spotify.app accessed microphone
[2026-02-27 18:15:26] [HIGH] [malware] Installation package 'AdobeFlash.dmg' downloaded from 185.220.101.34
[2026-02-27 18:15:30] [LOW] [permission] Zoom.app accessed camera
[2026-02-27 18:15:34] [HIGH] [scareware] Pop-up notification: 'Your Mac is infected! Click to clean'
[2026-02-27 18:15:38] [LOW] [permission] Zoom.app accessed camera
[2026-02-27 18:15:42] [LOW] [system] iCloud backup completed successfully
[2026-02-27 18:15:46] [LOW] [permission] Zoom.app accessed camera
[2026-02-27 18:15:50] [HIGH] [malware] Unknown binary executed from /tmp/install.sh
[2026-02-27 18:15:55] [HIGH] [suspicious_file_access] Python script accessed /etc/hosts file
[2026-02-27 18:15:59] [LOW] [permission] Zoom.app accessed camera
[2026-02-27 18:16:03] [HIGH] [c2_communication] DNS query to known malicious domain: track-metrics-cdn.ru
[2026-02-27 18:16:07] [HIGH] [phishing] Incoming email from paypal-secure@paypal-update.net
[2026-02-27 18:16:11] [LOW] [permission] Zoom.app accessed camera
[2026-02-27 18:16:15] [MEDIUM] [browser_hijack] Chrome extension installed: ID=unknown, source=third-party
[2026-02-27 18:16:19] [HIGH] [privilege_escalation] Unknown process 'updater_x86' requested admin privileges
[2026-02-27 18:16:23] [HIGH] [phishing] Incoming email from paypal-secure@paypal-update.net
[2026-02-27 18:16:27] [HIGH] [scareware] Pop-up notification: 'Your Mac is infected! Click to clean'
[2026-02-27 18:16:31] [HIGH] [malware] Unknown binary executed from /tmp/install.sh
[2026-02-27 18:16:35] [LOW] [permission] Zoom.app accessed camera
[2026-02-27 18:16:39] [LOW] [system] System update check from apple.com
[2026-02-27 18:16:43] [MEDIUM] [browser_hijack] Chrome extension installed: ID=unknown, source=third-party
[2026-02-27 18:16:47] [HIGH] [unauthorized_access] New login attempt: root@localhost via SSH
[2026-02-27 18:16:52] [MEDIUM] [browser_hijack] Chrome extension installed: ID=unknown, source=third-party
[2026-02-27 18:16:56] [HIGH] [suspicious_file_access] Python script accessed /etc/hosts file
[2026-02-27 18:17:00] [LOW] [browser] com.apple.Safari launched by user
[2026-02-27 18:22:18] [HIGH] [malware] Installation package 'AdobeFlash.dmg' downloaded from 185.220.101.34
[2026-02-27 18:22:26] [HIGH] [phishing] Incoming email from paypal-secure@paypal-update.net
[2026-02-27 18:22:34] [HIGH] [malware] Unknown binary executed from /tmp/install.sh
[2026-02-27 18:22:42] [HIGH] [malware] Installation package 'AdobeFlash.dmg' downloaded from 185.220.101.34
[2026-02-27 18:22:50] [HIGH] [malware] Installation package 'AdobeFlash.dmg' downloaded from 185.220.101.34
[2026-02-27 18:22:58] [HIGH] [scareware] Pop-up notification: 'Your Mac is infected! Click to clean'
[2026-02-27 18:23:06] [LOW] [browser] com.apple.Safari launched by user
[2026-02-27 18:23:14] [HIGH] [phishing] Incoming email from paypal-secure@paypal-update.net
[2026-02-27 18:23:22] [HIGH] [c2_communication] DNS query to known malicious domain: track-metrics-cdn.ru
[2026-02-27 18:23:31] [LOW] [system] iCloud backup completed successfully
[2026-02-27 18:23:39] [LOW] [system] iCloud backup completed successfully
[2026-02-27 18:23:47] [LOW] [browser] com.apple.Safari launched by user
[2026-02-27 18:23:55] [MEDIUM] [permission] Spotify.app accessed microphone
[2026-02-27 18:24:03] [LOW] [permission] Zoom.app accessed camera
[2026-02-27 18:24:11] [MEDIUM] [permission] Spotify.app accessed microphone
[2026-02-27 18:24:19] [MEDIUM] [permission] Spotify.app accessed microphone
[2026-02-27 18:24:27] [LOW] [permission] Zoom.app accessed camera
[2026-02-27 18:24:35] [MEDIUM] [permission] Spotify.app accessed microphone
[2026-02-27 18:24:43] [HIGH] [c2_communication] DNS query to known malicious domain: track-metrics-cdn.ru
[2026-02-27 18:24:51] [HIGH] [suspicious_file_access] Python script accessed /etc/hosts file
[2026-02-27 18:24:59] [HIGH] [unauthorized_access] New login attempt: root@localhost via SSH
[2026-02-27 18:25:07] [LOW] [system] System update check from apple.com
[2026-02-27 18:25:15] [MEDIUM] [browser_hijack] Chrome extension installed: ID=unknown, source=third-party
[2026-02-27 18:25:23] [HIGH] [malware] Installation package 'AdobeFlash.dmg' downloaded from 185.220.101.34
[2026-02-27 18:25:31] [HIGH] [c2_communication] DNS query to known malicious domain: track-metrics-cdn.ru
[2026-02-27 18:25:39] [HIGH] [suspicious_file_access] Python script accessed /etc/hosts file
[2026-02-27 18:25:47] [HIGH] [c2_communication] DNS query to known malicious domain: track-metrics-cdn.ru
[2026-02-27 18:25:55] [HIGH] [suspicious_file_access] Python script accessed /etc/hosts file
[2026-02-27 18:26:03] [MEDIUM] [browser_hijack] Chrome extension installed: ID=unknown, source=third-party
[2026-02-27 18:26:11] [HIGH] [suspicious_file_access] Python script accessed /etc/hosts file
[2026-02-27 18:26:19] [MEDIUM] [permission] Spotify.app accessed microphone
[2026-02-27 18:26:27] [LOW] [system] iCloud backup completed successfully
[2026-02-27 18:30:35] [HIGH] [phishing] Incoming email from paypal-secure@paypal-update.net
[2026-02-27 18:30:43] [HIGH] [c2_communication] DNS query to known malicious domain: track-metrics-cdn.ru
[2026-02-27 18:30:51] [HIGH] [scareware] Pop-up notification: 'Your Mac is infected! Click to clean'
[2026-02-27 18:30:59] [HIGH] [suspicious_file_access] Python script accessed /etc/hosts file
[2026-02-27 18:31:07] [HIGH] [privilege_escalation] Unknown process 'updater_x86' requested admin privileges
[2026-02-27 18:31:15] [LOW] [system] iCloud backup completed successfully
[2026-02-27 18:31:23] [LOW] [system] iCloud backup completed successfully
[2026-02-27 18:31:31] [HIGH] [suspicious_file_access] Python script accessed /etc/hosts file
[2026-02-27 18:31:39] [LOW] [system] System update check from apple.com
[2026-02-27 18:31:47] [MEDIUM] [permission] Spotify.app accessed microphone
[2026-02-27 18:47:41] [LOW] [browser] com.apple.Safari launched by user
[2026-02-27 18:47:49] [LOW] [system] iCloud backup completed successfully
[2026-02-27 18:47:57] [HIGH] [malware] Installation package 'AdobeFlash.dmg' downloaded from 185.220.101.34
[2026-02-27 18:48:05] [LOW] [system] System update check from apple.com
[2026-02-27 18:48:13] [HIGH] [unauthorized_access] New login attempt: root@localhost via SSH
[2026-02-27 18:48:21] [HIGH] [scareware] Pop-up notification: 'Your Mac is infected! Click to clean'
[2026-02-27 18:48:29] [LOW] [system] iCloud backup completed successfully
[2026-02-27 18:48:37] [HIGH] [suspicious_file_access] Python script accessed /etc/hosts file
[2026-02-27 18:48:45] [LOW] [browser] com.apple.Safari launched by user
[2026-02-27 18:48:53] [HIGH] [unauthorized_access] New login attempt: root@localhost via SSH
[2026-02-27 18:49:01] [HIGH] [suspicious_file_access] Python script accessed /etc/hosts file
[2026-02-27 18:49:09] [HIGH] [suspicious_file_access] Python script accessed /etc/hosts file
[2026-02-27 18:49:17] [MEDIUM] [browser_hijack] Chrome extension installed: ID=unknown, source=third-party
[2026-02-27 18:49:25] [LOW] [system] System update check from apple.com
[2026-02-27 18:49:33] [HIGH] [unauthorized_access] New login attempt: root@localhost via SSH
[2026-02-27 18:49:41] [HIGH] [phishing] Incoming email from paypal-secure@paypal-update.net
[2026-02-27 18:49:49] [MEDIUM] [browser_hijack] Chrome extension installed: ID=unknown, source=third-party
[2026-02-27 18:49:57] [HIGH] [malware] Unknown binary executed from /tmp/install.sh
[2026-02-27 18:50:05] [LOW] [system] iCloud backup completed successfully
[2026-02-27 18:50:13] [LOW] [system] System update check from apple.com
[2026-02-27 18:50:21] [HIGH] [scareware] Pop-up notification: 'Your Mac is infected! Click to clean'
[2026-02-27 18:50:29] [LOW] [system] System update check from apple.com
[2026-02-27 18:50:37] [MEDIUM] [browser_hijack] Chrome extension installed: ID=unknown, source=third-party
[2026-02-27 18:50:45] [LOW] [system] iCloud backup completed successfully
[2026-02-27 18:50:53] [HIGH] [suspicious_file_access] Python script accessed /etc/hosts file
[2026-02-27 18:51:02] [HIGH] [suspicious_file_access] Python script accessed /etc/hosts file
[2026-02-27 18:51:10] [LOW] [browser] com.apple.Safari launched by user
[2026-02-27 18:51:18] [HIGH] [unauthorized_access] New login attempt: root@localhost via SSH
[2026-02-27 18:51:26] [HIGH] [privilege_escalation] Unknown process 'updater_x86' requested admin privileges
[2026-02-27 18:51:34] [HIGH] [phishing] Incoming email from paypal-secure@paypal-update.net
[2026-02-27 18:51:42] [MEDIUM] [permission] Spotify.app accessed microphone
[2026-02-27 18:58:40] [HIGH] [unauthorized_access] New login attempt: root@localhost via SSH
[2026-02-27 18:58:48] [HIGH] [malware] Installation package 'AdobeFlash.dmg' downloaded from 185.220.101.34
[2026-02-27 18:58:56] [LOW] [system] System update check from apple.com
[2026-02-27 18:59:04] [HIGH] [suspicious_file_access] Python script accessed /etc/hosts file
[2026-02-27 18:59:12] [LOW] [system] System update check from apple.com
[2026-02-27 18:59:20] [HIGH] [c2_communication] DNS query to known malicious domain: track-metrics-cdn.ru
[2026-02-27 18:59:29] [HIGH] [malware] Unknown binary executed from /tmp/install.sh
[2026-02-27 18:59:37] [HIGH] [suspicious_file_access] Python script accessed /etc/hosts file
[2026-02-27 18:59:45] [HIGH] [unauthorized_access] New login attempt: root@localhost via SSH
[2026-02-27 18:59:53] [LOW] [browser] com.apple.Safari launched by user
[2026-02-27 19:00:01] [LOW] [browser] com.apple.Safari launched by user
[2026-02-27 19:00:09] [MEDIUM] [permission] Spotify.app accessed microphone
[2026-02-27 19:00:17] [LOW] [permission] Zoom.app accessed camera
[2026-02-27 19:00:25] [HIGH] [c2_communication] DNS query to known malicious domain: track-metrics-cdn.ru
[2026-02-27 19:00:33] [MEDIUM] [browser_hijack] Chrome extension installed: ID=unknown, source=third-party
[2026-02-27 19:00:41] [LOW] [permission] Zoom.app accessed camera
[2026-02-27 19:00:49] [LOW] [system] iCloud backup completed successfully
[2026-02-27 19:00:57] [LOW] [system] iCloud backup completed successfully
[2026-03-01 01:59:54] [LOW] [system] 2026-03-01 01:59:53.291763+0530  localhost runningboardd[372]: (RunningBoard) [com.apple.runningboard:general] Launchd didn't have information for pid 37328, reason: Error Domain=NSPOSIXErrorDomain Code=113 "Unknown error: 113"
[2026-03-01 01:59:54] [LOW] [system] 2026-03-01 01:59:53.291814+0530  localhost runningboardd[372]: (RunningBoard) [com.apple.runningboard:jetsam] memorystatus_control error: MEMORYSTATUS_CMD_CONVERT_MEMLIMIT_MB(-1) returned -1 22 (Invalid argument)
[2026-03-01 01:59:54] [MEDIUM] [system] 2026-03-01 01:59:53.292064+0530  localhost runningboardd[372]: (AppServerSupport) [com.apple.libxpc.OSLaunchdJob:all] copyJobWithPid:37328 failed with error 113: Could not find specified service
[2026-03-01 01:59:54] [LOW] [system] 2026-03-01 01:59:53.306348+0530  localhost syspolicyd[529]: (Security) [com.apple.securityd:security_exception] MacOS error: 3
[2026-03-01 01:59:54] [LOW] [system] 2026-03-01 01:59:53.310260+0530  localhost syspolicyd[529]: (Security) [com.apple.securityd:security_exception] MacOS error: 3
[2026-03-01 01:59:54] [MEDIUM] [system] 2026-03-01 01:59:53.324343+0530  localhost launchd[1]: [system:] failed lookup: name = com.apple.bird, requestor = XProtectBridgeS[37101], error = 3: No such process
[2026-03-01 01:59:54] [MEDIUM] [system] 2026-03-01 01:59:53.324355+0530  localhost XProtectBridgeService[37101]: (libxpc.dylib) [com.apple.xpc:connection] [0x600000afc600] failed to do a bootstrap look-up: xpc_error=[3: No such process]
[2026-03-01 01:59:54] [MEDIUM] [system] 2026-03-01 01:59:53.324356+0530  localhost XProtectBridgeService[37101]: (libxpc.dylib) [com.apple.xpc:connection] [0x600000afc600] invalidated after a failed init
[2026-03-01 01:59:54] [MEDIUM] [system] 2026-03-01 01:59:53.324531+0530  localhost XProtectBridgeService[37101]: (libxpc.dylib) [com.apple.xpc:connection] [0x600000ae8000] failed to do a bootstrap look-up: xpc_error=[3: No such process]
[2026-03-01 01:59:54] [MEDIUM] [system] 2026-03-01 01:59:53.324531+0530  localhost XProtectBridgeService[37101]: (libxpc.dylib) [com.apple.xpc:connection] [0x600000ae8000] invalidated after a failed init
[2026-03-01 02:00:25] [MEDIUM] [system] 2026-03-01 02:00:08.981153+0530  localhost launchd[1]: [user/501:] failed lookup: name = com.apple.tiswitcher.fromuiserver, flags = 0x1, requestor = CursorUIViewSer[794], error = 3: No such process
[2026-03-01 02:00:25] [MEDIUM] [system] 2026-03-01 02:00:18.660716+0530  localhost backupd[20064]: (libxpc.dylib) [com.apple.xpc:connection] [0x14e6290a0] activating connection: mach=false listener=false peer=true name=com.apple.backupd.sandbox.xpc.peer.0x14e6290a0
[2026-03-01 02:00:25] [MEDIUM] [system] 2026-03-01 02:00:18.662090+0530  localhost backupd[20064]: (TimeMachine) [com.apple.TimeMachine:General] com.apple.backupd.sandbox.xpc: connection invalid
[2026-03-01 02:00:25] [LOW] [system] 2026-03-01 02:00:19.368520+0530  localhost proactived[20709]: (BiomeFoundation) Created Activity ID: 0x1d289b, Parent ID: 0x80000000001d2a69, Description: _BMXPCFileManager.temporaryFileHandleWithProtection:error:
[2026-03-01 02:00:25] [LOW] [system] 2026-03-01 02:00:19.369174+0530  localhost proactived[20709]: (BiomeFoundation) Created Activity ID: 0x1d289c, Parent ID: 0x80000000001d2a69, Description: _BMXPCFileManager.replaceFileAtPath:withFileHandle:error:
[2026-03-01 02:00:25] [LOW] [system] 2026-03-01 02:00:19.370507+0530  localhost proactived[20709]: (BiomeFoundation) Created Activity ID: 0x1d289d, Parent ID: 0x80000000001d2a69, Description: _BMXPCFileManager.temporaryFileHandleWithProtection:error:
[2026-03-01 02:00:25] [LOW] [system] 2026-03-01 02:00:19.370989+0530  localhost proactived[20709]: (BiomeFoundation) Created Activity ID: 0x1d289e, Parent ID: 0x80000000001d2a69, Description: _BMXPCFileManager.replaceFileAtPath:withFileHandle:error:
[2026-03-01 02:00:25] [LOW] [system] 2026-03-01 02:00:19.372516+0530  localhost proactived[20709]: (BiomeFoundation) Created Activity ID: 0x1d289f, Parent ID: 0x80000000001d2a69, Description: _BMXPCFileManager.temporaryFileHandleWithProtection:error:
[2026-03-01 02:00:25] [LOW] [system] 2026-03-01 02:00:19.373022+0530  localhost proactived[20709]: (BiomeFoundation) Created Activity ID: 0x1d2ab0, Parent ID: 0x80000000001d2a69, Description: _BMXPCFileManager.replaceFileAtPath:withFileHandle:error:
[2026-03-01 02:00:25] [MEDIUM] [system] 2026-03-01 02:00:20.826055+0530  localhost launchd[1]: [system:] failed lookup: name = com.apple.AppleLOM.Watchdog, flags = 0x1, requestor = watchdogd[325], error = 3: No such process
[2026-03-01 02:00:56] [MEDIUM] [system] 2026-03-01 02:00:27.846583+0530  localhost launchd[1]: [user/501:] failed lookup: name = com.apple.tiswitcher.fromuiserver, flags = 0x1, requestor = CursorUIViewSer[794], error = 3: No such process
[2026-03-01 02:00:56] [MEDIUM] [system] 2026-03-01 02:00:45.444605+0530  localhost launchd[1]: [user/501:] failed lookup: name = com.apple.tiswitcher.fromuiserver, flags = 0x1, requestor = CursorUIViewSer[794], error = 3: No such process
[2026-03-01 02:00:56] [LOW] [system] 2026-03-01 02:00:45.451492+0530  localhost proactived[20709]: (BiomeFoundation) Created Activity ID: 0x1d2ab7, Parent ID: 0x80000000001d2a9c, Description: _BMXPCFileManager.temporaryFileHandleWithProtection:error:
[2026-03-01 02:00:56] [LOW] [system] 2026-03-01 02:00:45.452239+0530  localhost proactived[20709]: (BiomeFoundation) Created Activity ID: 0x1d2ab8, Parent ID: 0x80000000001d2a9c, Description: _BMXPCFileManager.replaceFileAtPath:withFileHandle:error:
[2026-03-01 02:00:56] [LOW] [system] 2026-03-01 02:00:45.452995+0530  localhost proactived[20709]: (BiomeFoundation) Created Activity ID: 0x1d2ab9, Parent ID: 0x80000000001d2a9c, Description: _BMXPCFileManager.temporaryFileHandleWithProtection:error:
[2026-03-01 02:00:56] [LOW] [system] 2026-03-01 02:00:45.453460+0530  localhost proactived[20709]: (BiomeFoundation) Created Activity ID: 0x1d2aba, Parent ID: 0x80000000001d2a9c, Description: _BMXPCFileManager.replaceFileAtPath:withFileHandle:error:
[2026-03-01 02:00:56] [LOW] [system] 2026-03-01 02:00:45.455090+0530  localhost proactived[20709]: (BiomeFoundation) Created Activity ID: 0x1d2abb, Parent ID: 0x80000000001d2a9c, Description: _BMXPCFileManager.temporaryFileHandleWithProtection:error:
[2026-03-01 02:00:56] [LOW] [system] 2026-03-01 02:00:45.455438+0530  localhost proactived[20709]: (BiomeFoundation) Created Activity ID: 0x1d2abc, Parent ID: 0x80000000001d2a9c, Description: _BMXPCFileManager.replaceFileAtPath:withFileHandle:error:
[2026-03-01 02:00:56] [MEDIUM] [system] 2026-03-01 02:00:49.691741+0530  localhost launchd[1]: [user/501:] failed lookup: name = com.apple.tiswitcher.fromuiserver, flags = 0x1, requestor = CursorUIViewSer[794], error = 3: No such process
[2026-03-01 02:00:56] [MEDIUM] [system] 2026-03-01 02:00:50.826808+0530  localhost launchd[1]: [system:] failed lookup: name = com.apple.AppleLOM.Watchdog, flags = 0x1, requestor = watchdogd[325], error = 3: No such process
[2026-03-01 02:01:43] [LOW] [system] 2026-03-01 02:01:43.086966+0530  localhost corespeechd[678]: [com.apple.corespeech:Framework] -[CSAudioRecorder prepareAudioStreamRecord:recordDeviceIndicator:error:] Calling AVVC prepareRecordForStream(1) : {
[2026-03-01 02:01:43] [LOW] [system] AVEncoderBitRateKey = 0;
[2026-03-01 02:01:43] [LOW] [system] AVFormatIDKey = 1819304813;
[2026-03-01 02:01:43] [LOW] [system] AVLinearPCMBitDepthKey = 32;
[2026-03-01 02:01:43] [LOW] [system] AVLinearPCMIsFloatKey = 1;
[2026-03-01 02:01:43] [LOW] [system] AVLinearPCMIsNonInterleaved = 1;
[2026-03-01 02:01:43] [LOW] [system] AVNumberOfChannelsKey = 2;
[2026-03-01 02:01:43] [LOW] [system] AVSampleRateConverterAlgorithmKey = "AVSampleRateConverterAlgorithm_Mastering";
[2026-03-01 02:01:43] [LOW] [system] AVSampleRateKey = 16000;
[2026-03-01 02:01:43] [LOW] [system] }
[2026-03-01 02:02:15] [LOW] [system] 2026-03-01 02:02:14.022843+0530  localhost cloudd[26386]: (CloudKitDaemon) [com.apple.cloudkit:OP] Operation 3884E9C57AFB7C09 is transitioning from state [Fetching PCS data from server], stop:0, cancelled:0, error:(null)
[2026-03-01 02:02:15] [LOW] [system] 2026-03-01 02:02:14.022859+0530  localhost cloudd[26386]: (CloudKitDaemon) [com.apple.cloudkit:OP] Operation 3884E9C57AFB7C09 is transitioning from state [Creating additional PCS data], stop:0, cancelled:0, error:(null)
[2026-03-01 02:02:15] [LOW] [system] 2026-03-01 02:02:14.022870+0530  localhost cloudd[26386]: (CloudKitDaemon) [com.apple.cloudkit:OP] Operation 3884E9C57AFB7C09 is transitioning from state [Fetching dependent PCS blob for decryption], stop:0, cancelled:0, error:(null)
[2026-03-01 02:02:15] [LOW] [system] 2026-03-01 02:02:14.023821+0530  localhost cloudd[26386]: (CloudKitDaemon) [com.apple.cloudkit:OP] Operation B7A6A68F37D41857 is transitioning from state [Fetching Zones], stop:0, cancelled:0, error:(null)
[2026-03-01 02:02:15] [LOW] [system] 2026-03-01 02:02:14.023834+0530  localhost cloudd[26386]: (CloudKitDaemon) [com.apple.cloudkit:OP] Operation B7A6A68F37D41857 is transitioning from state [Updating Zone PCS], stop:0, cancelled:0, error:(null)
[2026-03-01 02:02:15] [LOW] [system] 2026-03-01 02:02:14.029099+0530  localhost cloudd[26386]: (CloudKitDaemon) [com.apple.cloudkit:OP] Operation 3884E9C57AFB7C09 is transitioning from state [Decrypting PCS data], stop:0, cancelled:0, error:(null)
[2026-03-01 02:02:15] [LOW] [system] 2026-03-01 02:02:14.029608+0530  localhost cloudd[26386]: (CloudKitDaemon) [com.apple.cloudkit:OP] Operation 3884E9C57AFB7C09 is transitioning from state [Saving PCS data to database], stop:0, cancelled:0, error:(null)
[2026-03-01 02:02:15] [LOW] [system] 2026-03-01 02:02:14.034833+0530  localhost cloudd[26386]: (CloudKitDaemon) [com.apple.cloudkit:OP] Operation 965CEDD396A32FFB is transitioning from state [Modify Records], stop:0, cancelled:0, error:(null)
[2026-03-01 02:02:15] [LOW] [system] 2026-03-01 02:02:14.034871+0530  localhost cloudd[26386]: (CloudKitDaemon) [com.apple.cloudkit:OP] Operation 965CEDD396A32FFB is transitioning from state [Mark Record Handlers As Uploaded], stop:0, cancelled:0, error:(null)
[2026-03-01 02:02:15] [LOW] [system] 2026-03-01 02:02:14.034893+0530  localhost cloudd[26386]: (CloudKitDaemon) [com.apple.cloudkit:OP] Operation 965CEDD396A32FFB is transitioning from state [Uploading Mergeable Deltas], stop:0, cancelled:0, error:(null)
[2026-03-01 02:02:46] [LOW] [system] 2026-03-01 02:02:44.261245+0530  localhost proactived[20709]: (BiomeFoundation) Created Activity ID: 0x1d36ba, Parent ID: 0x80000000001d3779, Description: _BMXPCFileManager.replaceFileAtPath:withFileHandle:error:
[2026-03-01 02:02:46] [LOW] [system] 2026-03-01 02:02:44.263960+0530  localhost proactived[20709]: (BiomeFoundation) Created Activity ID: 0x1d36bb, Parent ID: 0x80000000001d3779, Description: _BMXPCFileManager.temporaryFileHandleWithProtection:error:
[2026-03-01 02:02:46] [LOW] [system] 2026-03-01 02:02:44.265002+0530  localhost proactived[20709]: (BiomeFoundation) Created Activity ID: 0x1d36bc, Parent ID: 0x80000000001d3779, Description: _BMXPCFileManager.replaceFileAtPath:withFileHandle:error:
[2026-03-01 02:02:46] [LOW] [system] 2026-03-01 02:02:44.270795+0530  localhost proactived[20709]: (BiomeFoundation) Created Activity ID: 0x1d36bd, Parent ID: 0x80000000001d3779, Description: _BMXPCFileManager.temporaryFileHandleWithProtection:error:
[2026-03-01 02:02:46] [LOW] [system] 2026-03-01 02:02:44.271983+0530  localhost proactived[20709]: (BiomeFoundation) Created Activity ID: 0x1d36be, Parent ID: 0x80000000001d3779, Description: _BMXPCFileManager.replaceFileAtPath:withFileHandle:error:
[2026-03-01 02:02:46] [LOW] [system] 2026-03-01 02:02:44.891164+0530  localhost nsurlsessiond[634]: [com.apple.nsurlsessiond:background] NDSession <486A6BDF-2F75-460B-BB31-6FA1940A4D7C> Task <73379D8A-3BA3-4DA9-BFCA-F83CF4FF9896>.<29> completed with error (null) [0]. C(N)
[2026-03-01 02:02:46] [LOW] [system] 2026-03-01 02:02:44.898687+0530  localhost cloudd[26386]: (CloudKitDaemon) [com.apple.cloudkit:Request] req: 3828FE9A-2894-4AF1-BA7D-2346BEFA741F, "Finishing with error (null)"
[2026-03-01 02:02:46] [LOW] [system] 2026-03-01 02:02:44.899607+0530  localhost cloudd[26386]: (CloudKitDaemon) [com.apple.cloudkit:OP] Operation 4D66CD9932B83FDF is transitioning from state [Modify Records], stop:0, cancelled:0, error:(null)
[2026-03-01 02:02:46] [LOW] [system] 2026-03-01 02:02:44.899644+0530  localhost cloudd[26386]: (CloudKitDaemon) [com.apple.cloudkit:OP] Operation 4D66CD9932B83FDF is transitioning from state [Mark Record Handlers As Uploaded], stop:0, cancelled:0, error:(null)
[2026-03-01 02:02:46] [LOW] [system] 2026-03-01 02:02:44.899652+0530  localhost cloudd[26386]: (CloudKitDaemon) [com.apple.cloudkit:OP] Operation 4D66CD9932B83FDF is transitioning from state [Uploading Mergeable Deltas], stop:0, cancelled:0, error:(null)
[2026-03-01 02:03:17] [LOW] [system] 2026-03-01 02:03:12.490558+0530  localhost cloudd[26386]: (CloudKitDaemon) [com.apple.cloudkit:OP] Operation 459850425A4C623C is transitioning from state [Prepare For Upload], stop:0, cancelled:0, error:(null)
[2026-03-01 02:03:17] [LOW] [system] 2026-03-01 02:03:12.961111+0530  localhost nsurlsessiond[634]: [com.apple.nsurlsessiond:background] NDSession <75C7F6E9-0CC5-42CA-BBEC-D88D67C25591> Task <E0C9422C-C2EA-4EF6-B462-0F1A196FC6BF>.<32> completed with error (null) [0]. C(N)
[2026-03-01 02:03:17] [LOW] [system] 2026-03-01 02:03:12.965217+0530  localhost cloudd[26386]: (CloudKitDaemon) [com.apple.cloudkit:Request] req: FE3BF962-C169-4B15-A297-EB61C421E0BA, "Finishing with error (null)"
[2026-03-01 02:03:17] [LOW] [system] 2026-03-01 02:03:12.965773+0530  localhost cloudd[26386]: (CloudKitDaemon) [com.apple.cloudkit:OP] Operation 459850425A4C623C is transitioning from state [Fetch Upload Tokens], stop:0, cancelled:0, error:(null)
[2026-03-01 02:03:17] [LOW] [system] 2026-03-01 02:03:12.966694+0530  localhost cloudd[26386]: (AssetCacheServices) [com.apple.AssetCacheServices:Framework] #0df15646 ACSMightCurrentNetworkHaveCachingServer -> [same] mightHave YES, error (null), elapsed 0.000
[2026-03-01 02:03:17] [LOW] [system] 2026-03-01 02:03:12.975346+0530  localhost cloudd[26386]: (CloudKitDaemon) [com.apple.cloudkit:OP] Operation 459850425A4C623C is transitioning from state [Upload], stop:0, cancelled:0, error:(null)
[2026-03-01 02:03:17] [LOW] [system] 2026-03-01 02:03:12.975766+0530  localhost cloudd[26386]: (CloudKitDaemon) [com.apple.cloudkit:OP] Operation 95183A543FAEA84D is transitioning from state [Upload Assets], stop:0, cancelled:0, error:(null)
[2026-03-01 02:03:17] [LOW] [system] 2026-03-01 02:03:12.975804+0530  localhost cloudd[26386]: (CloudKitDaemon) [com.apple.cloudkit:OP] Operation 95183A543FAEA84D is transitioning from state [Mark Record Handlers As Uploaded], stop:0, cancelled:0, error:(null)
[2026-03-01 02:03:17] [LOW] [system] 2026-03-01 02:03:12.975905+0530  localhost cloudd[26386]: (CloudKitDaemon) [com.apple.cloudkit:OP] Operation 95183A543FAEA84D is transitioning from state [Uploading Mergeable Deltas], stop:0, cancelled:0, error:(null)
[2026-03-01 02:03:17] [MEDIUM] [system] 2026-03-01 02:03:13.688918+0530  localhost launchd[1]: [user/501:] failed lookup: name = com.apple.tiswitcher.fromuiserver, flags = 0x1, requestor = CursorUIViewSer[794], error = 3: No such process
[2026-03-01 02:03:48] [LOW] [system] [REMOVAL] {logger:Y|policy:Y|server:Y|table:Y|FSM:Y|(persisted)activeJobs:Y,knownDescriptors:Y,setConfigurations:Y,setAtomicInstances:Y,activeSes:Y,downloadedSets:Y,setTargets:Y,setLookupConfigurations:Y,setLockUsageMap:N|statusBySelector:0(set:8)|jobsByInstance:0(setJobsByID:0)|jobsByUUID:0|lookupGrants:0|setConfigs:7|atomicInstances:6|downloaded:95(set:6)|scheduledSelectors:0|timedOps:0|clientRequests:0|awaitingSync:0|awaitingUnlock:0|awaitingResume:0} not considering for removal since no newer on filesystem | keepingDescriptor:[assetType:com.apple.MobileAsset.UAF.Siri.DialogAssets|specifier:com.apple.siri.dialog.siriplaybackcontrolintents|version:19.2.102.13.100027,0|ID:76768b55757b2fc6743e9828f586c5ad69c014db|lookupWithoutAssetVersion:Y|preInstalled:N|patch:N|filesystem:Y|neverBeenLocked:Y|format:AppleArchive|build:13M100027|[OS]min:(null),max:(null)|preStaging:Y|(downloaded)user:N,network:-1,filesystem:-1|(patched)base:,baseBytes:0,attempted:N,error:N|(staged)prior:N,fromOSVersion:N,fromBuild:N|isBlan<…>
[2026-03-01 02:03:48] [LOW] [system] 2026-03-01 02:03:43.314920+0530  localhost mobileassetd[37855]: (libmobileassetd.dylib) [com.apple.MAAuto:AUTO-CONTROL] [loadPersistedCrossCheckTrim:_decideRemoveDescriptorWithNewerDownloaded]
[2026-03-01 02:03:48] [LOW] [system] [REMOVAL] {logger:Y|policy:Y|server:Y|table:Y|FSM:Y|(persisted)activeJobs:Y,knownDescriptors:Y,setConfigurations:Y,setAtomicInstances:Y,activeSes:Y,downloadedSets:Y,setTargets:Y,setLookupConfigurations:Y,setLockUsageMap:N|statusBySelector:0(set:8)|jobsByInstance:0(setJobsByID:0)|jobsByUUID:0|lookupGrants:0|setConfigs:7|atomicInstances:6|downloaded:95(set:6)|scheduledSelectors:0|timedOps:0|clientRequests:0|awaitingSync:0|awaitingUnlock:0|awaitingResume:0} not considering for removal since no newer on filesystem | keepingDescriptor:[assetType:com.apple.MobileAsset.UAF.Siri.DialogAssets|specifier:com.apple.siri.dialog.socialconversationflowdelegateplugin.ru|version:9.1.104.13.100027,0|ID:2a4e2bd9f39d71c71105f2b1f07f1932cee2a8b0|lookupWithoutAssetVersion:Y|preInstalled:N|patch:N|filesystem:Y|neverBeenLocked:Y|format:AppleArchive|build:13M100027|[OS]min:(null),max:(null)|preStaging:Y|(downloaded)user:N,network:-1,filesystem:-1|(patched)base:,baseBytes:0,attempted:N,error:N|(staged)prior:N,fromOSVersion:N,fromBu<…>
[2026-03-01 02:03:48] [LOW] [system] 2026-03-01 02:03:43.352367+0530  localhost mobileassetd[37855]: (libmobileassetd.dylib) [com.apple.MAAuto:AUTO-CONTROL] [loadPersistedCrossCheckTrim:_decideRemoveDescriptorWithNewerDownloaded]
[2026-03-01 02:03:48] [LOW] [system] [REMOVAL] {logger:Y|policy:Y|server:Y|table:Y|FSM:Y|(persisted)activeJobs:Y,knownDescriptors:Y,setConfigurations:Y,setAtomicInstances:Y,activeSes:Y,downloadedSets:Y,setTargets:Y,setLookupConfigurations:Y,setLockUsageMap:N|statusBySelector:0(set:8)|jobsByInstance:0(setJobsByID:0)|jobsByUUID:0|lookupGrants:0|setConfigs:7|atomicInstances:6|downloaded:95(set:6)|scheduledSelectors:0|timedOps:0|clientRequests:0|awaitingSync:0|awaitingUnlock:0|awaitingResume:0} not considering for removal since no newer on filesystem | keepingDescriptor:[assetType:com.apple.MobileAsset.UAF.Siri.DialogAssets|specifier:com.apple.siri.dialog.socialconversationflowdelegateplugin.sv|version:9.1.102.13.100027,0|ID:0c815fdd5100a73fa84d7ac71b1490a323dd9e76|lookupWithoutAssetVersion:Y|preInstalled:N|patch:N|filesystem:Y|neverBeenLocked:Y|format:AppleArchive|build:13M100027|[OS]min:(null),max:(null)|preStaging:Y|(downloaded)user:N,network:-1,filesystem:-1|(patched)base:,baseBytes:0,attempted:N,error:N|(staged)prior:N,fromOSVersion:N,fromBu<…>
[2026-03-01 02:03:48] [LOW] [system] 2026-03-01 02:03:43.388563+0530  localhost mobileassetd[37855]: (libmobileassetd.dylib) [com.apple.MAAuto:AUTO-CONTROL] [loadPersistedCrossCheckTrim:_decideRemoveDescriptorWithNewerDownloaded]
[2026-03-01 02:03:48] [LOW] [system] [REMOVAL] {logger:Y|policy:Y|server:Y|table:Y|FSM:Y|(persisted)activeJobs:Y,knownDescriptors:Y,setConfigurations:Y,setAtomicInstances:Y,activeSes:Y,downloadedSets:Y,setTargets:Y,setLookupConfigurations:Y,setLockUsageMap:N|statusBySelector:0(set:8)|jobsByInstance:0(setJobsByID:0)|jobsByUUID:0|lookupGrants:0|setConfigs:7|atomicInstances:6|downloaded:95(set:6)|scheduledSelectors:0|timedOps:0|clientRequests:0|awaitingSync:0|awaitingUnlock:0|awaitingResume:0} not considering for removal since no newer on filesystem | keepingDescriptor:[assetType:com.apple.MobileAsset.UAF.Siri.DialogAssets|specifier:com.apple.siri.dialog.sirikit.messagesflowdelegateplugin|version:19.7.106.13.100027,0|ID:77c8c5b281737d4347307c5441cc9c990922cba3|lookupWithoutAssetVersion:Y|preInstalled:N|patch:N|filesystem:Y|neverBeenLocked:Y|format:AppleArchive|build:13M100027|[OS]min:(null),max:(null)|preStaging:Y|(downloaded)user:N,network:-1,filesystem:-1|(patched)base:,baseBytes:0,attempted:N,error:N|(staged)prior:N,fromOSVersion:N,fromBuild:<…>
[2026-03-01 02:03:48] [LOW] [system] 2026-03-01 02:03:43.400977+0530  localhost mobileassetd[37855]: (libmobileassetd.dylib) [com.apple.MAAuto:AUTO-CONTROL] [loadPersistedCrossCheckTrim:_decideRemoveDescriptorWithNewerDownloaded]
[2026-03-01 02:03:48] [LOW] [system] [REMOVAL] {logger:Y|policy:Y|server:Y|table:Y|FSM:Y|(persisted)activeJobs:Y,knownDescriptors:Y,setConfigurations:Y,setAtomicInstances:Y,activeSes:Y,downloadedSets:Y,setTargets:Y,setLookupConfigurations:Y,setLockUsageMap:N|statusBySelector:0(set:8)|jobsByInstance:0(setJobsByID:0)|jobsByUUID:0|lookupGrants:0|setConfigs:7|atomicInstances:6|downloaded:95(set:6)|scheduledSelectors:0|timedOps:0|clientRequests:0|awaitingSync:0|awaitingUnlock:0|awaitingResume:0} not considering for removal since currently locked | keepingDescriptor:[assetType:com.apple.MobileAsset.UAF.Siri.PlatformAssets|specifier:com.apple.siri.uaf.osupdates|version:1.0.295071121.13.203605,0|ID:4bff02696af6044c262658ebbcd41a4dd08d8f02|lookupWithoutAssetVersion:Y|preInstalled:N|patch:N|filesystem:Y|neverBeenLocked:Y|format:AppleArchive|build:13M203605|[OS]min:(null),max:(null)|preStaging:Y|(downloaded)user:N,network:-1,filesystem:-1|(patched)base:,baseBytes:0,attempted:N,error:N|(staged)prior:N,fromOSVersion:N,fromBuild:N|isBlankEntry:N]
[2026-03-01 02:03:48] [MEDIUM] [system] 2026-03-01 02:03:43.873293+0530  localhost launchd[1]: [user/501:] failed lookup: name = com.apple.tiswitcher.fromuiserver, flags = 0x1, requestor = CursorUIViewSer[794], error = 3: No such process
[2026-03-01 02:04:20] [LOW] [system] 2026-03-01 02:04:18.249907+0530  localhost cloudd[26386]: (AssetCacheServices) [com.apple.AssetCacheServices:Framework] #391cae30 ACSMightCurrentNetworkHaveCachingServer -> [same] mightHave YES, error (null), elapsed 0.000
[2026-03-01 02:04:20] [LOW] [system] 2026-03-01 02:04:18.252092+0530  localhost cloudd[26386]: (AssetCacheServices) [com.apple.AssetCacheServices:Framework] #90a957c2 ACSLocateCachingServer -> [new] newURL (null), advice (null), error (null), elapsed 0.001/30.000
[2026-03-01 02:04:20] [LOW] [system] 2026-03-01 02:04:18.252132+0530  localhost cloudd[26386]: (MMCS) [com.apple.mmcs:default] couldn't get proxy url with no error
[2026-03-01 02:04:20] [LOW] [system] 2026-03-01 02:04:18.406229+0530  localhost tccd[370]: [com.apple.TCC:access] AUTHREQ_RESULT: msgID=368.1435, authValue=2, authReason=4, authVersion=1, error=(null),
[2026-03-01 02:04:20] [LOW] [system] 2026-03-01 02:04:18.617574+0530  localhost cloudd[26386]: (MMCS) [com.apple.mmcs:default] HttpStatus (HTTP/1.1 200 no error)
[2026-03-01 02:04:20] [LOW] [system] 2026-03-01 02:04:18.617995+0530  localhost nsurlsessiond[634]: [com.apple.nsurlsessiond:background] NDSession <0667F55F-48CB-414B-838D-6B7A876079FE> Task <582BCDB8-2253-46F3-AC40-F2E9F219E323>.<43> completed with error (null) [0]. C(N)
[2026-03-01 02:04:20] [MEDIUM] [system] 2026-03-01 02:04:18.856210+0530  localhost imagent[693]: (Security) Failed to get cs_flags, error=3
[2026-03-01 02:04:20] [MEDIUM] [system] 2026-03-01 02:04:18.856215+0530  localhost imagent[693]: (Security) SecTaskLoadEntitlements failed error=3 cs_flags=ffffffff, pid=33759
[2026-03-01 02:04:20] [LOW] [system] 2026-03-01 02:04:18.874276+0530  localhost rapportd[627]: (MediaRemote) [com.apple.amp.mediaremote:MediaRemote] MediaRemote reply error: <private>
[2026-03-01 02:04:20] [MEDIUM] [system] 2026-03-01 02:04:18.875121+0530  localhost rapportd[627]: (CoreUtils) [com.apple.rapport:CLinkD] ### MRMediaRemoteGetDeviceInfo failed: kMRMediaRemoteFrameworkErrorDomain:1
[2026-03-01 11:04:44] [LOW] [system] 2026-03-01 11:04:43.509257+0530  localhost runningboardd[372]: (RunningBoard) [com.apple.runningboard:general] Launchd didn't have information for pid 39967, reason: Error Domain=NSPOSIXErrorDomain Code=113 "Unknown error: 113"
[2026-03-01 11:04:44] [LOW] [system] 2026-03-01 11:04:43.509326+0530  localhost runningboardd[372]: (RunningBoard) [com.apple.runningboard:jetsam] memorystatus_control error: MEMORYSTATUS_CMD_CONVERT_MEMLIMIT_MB(-1) returned -1 22 (Invalid argument)
[2026-03-01 11:04:44] [MEDIUM] [system] 2026-03-01 11:04:43.509663+0530  localhost runningboardd[372]: (AppServerSupport) [com.apple.libxpc.OSLaunchdJob:all] copyJobWithPid:39967 failed with error 113: Could not find specified service
[2026-03-01 11:04:44] [MEDIUM] [system] 2026-03-01 11:04:43.546679+0530  localhost launchd[1]: [user/501:] failed lookup: name = com.apple.tiswitcher.fromuiserver, flags = 0x1, requestor = CursorUIViewSer[794], error = 3: No such process
[2026-03-01 11:04:44] [LOW] [system] 2026-03-01 11:04:43.552847+0530  localhost proactived[38610]: (BiomeFoundation) Created Activity ID: 0x1f9f2a, Parent ID: 0x80000000001f9f54, Description: _BMXPCFileManager.temporaryFileHandleWithProtection:error:
[2026-03-01 11:04:44] [LOW] [system] 2026-03-01 11:04:43.553896+0530  localhost proactived[38610]: (BiomeFoundation) Created Activity ID: 0x1f9f2b, Parent ID: 0x80000000001f9f54, Description: _BMXPCFileManager.temporaryFileHandleWithProtection:error:
[2026-03-01 11:04:44] [LOW] [system] 2026-03-01 11:04:43.554106+0530  localhost proactived[38610]: (BiomeFoundation) Created Activity ID: 0x1f9f2c, Parent ID: 0x80000000001f9f54, Description: _BMXPCFileManager.replaceFileAtPath:withFileHandle:error:
[2026-03-01 11:04:44] [LOW] [system] 2026-03-01 11:04:43.554169+0530  localhost proactived[38610]: (BiomeFoundation) Created Activity ID: 0x1f9f2d, Parent ID: 0x80000000001f9f54, Description: _BMXPCFileManager.replaceFileAtPath:withFileHandle:error:
[2026-03-01 11:04:44] [LOW] [system] 2026-03-01 11:04:43.555299+0530  localhost proactived[38610]: (BiomeFoundation) Created Activity ID: 0x1f9f2e, Parent ID: 0x80000000001f9f54, Description: _BMXPCFileManager.temporaryFileHandleWithProtection:error:
[2026-03-01 11:04:44] [LOW] [system] 2026-03-01 11:04:43.556138+0530  localhost proactived[38610]: (BiomeFoundation) Created Activity ID: 0x1f9f2f, Parent ID: 0x80000000001f9f54, Description: _BMXPCFileManager.replaceFileAtPath:withFileHandle:error:
[2026-03-01 11:05:18] [LOW] [system] 2026-03-01 11:05:13.586513+0530  localhost cloudd[26386]: (MMCS) [com.apple.mmcs:default] HttpStatus (HTTP/1.1 200 no error)
[2026-03-01 11:05:18] [LOW] [system] 2026-03-01 11:05:13.590221+0530  localhost cloudd[26386]: (CloudKitDaemon) [com.apple.cloudkit:OP] Operation 3AFD72A5C0F15C0A is transitioning from state [Upload], stop:0, cancelled:0, error:(null)
[2026-03-01 11:05:18] [LOW] [system] 2026-03-01 11:05:13.590615+0530  localhost cloudd[26386]: (CloudKitDaemon) [com.apple.cloudkit:OP] Operation 369B37AA38C54474 is transitioning from state [Upload Assets], stop:0, cancelled:0, error:(null)
[2026-03-01 11:05:18] [LOW] [system] 2026-03-01 11:05:13.590655+0530  localhost cloudd[26386]: (CloudKitDaemon) [com.apple.cloudkit:OP] Operation 369B37AA38C54474 is transitioning from state [Mark Record Handlers As Uploaded], stop:0, cancelled:0, error:(null)
[2026-03-01 11:05:18] [LOW] [system] 2026-03-01 11:05:13.590664+0530  localhost cloudd[26386]: (CloudKitDaemon) [com.apple.cloudkit:OP] Operation 369B37AA38C54474 is transitioning from state [Uploading Mergeable Deltas], stop:0, cancelled:0, error:(null)
[2026-03-01 11:05:18] [MEDIUM] [system] 2026-03-01 11:05:13.926796+0530  localhost dataaccessd[40008]: (libxpc.dylib) [com.apple.xpc:connection] [0x130fb14b0] invalidated after a failed send of the check-in message: mach_error=[0x10000003: (ipc/send) invalid destination port]
[2026-03-01 11:05:18] [LOW] [system] 2026-03-01 11:05:14.605317+0530  localhost runningboardd[372]: (RunningBoard) [com.apple.runningboard:general] Launchd didn't have information for pid 40042, reason: Error Domain=NSPOSIXErrorDomain Code=113 "Unknown error: 113"
[2026-03-01 11:05:18] [LOW] [system] 2026-03-01 11:05:14.605428+0530  localhost runningboardd[372]: (RunningBoard) [com.apple.runningboard:jetsam] memorystatus_control error: MEMORYSTATUS_CMD_CONVERT_MEMLIMIT_MB(-1) returned -1 22 (Invalid argument)
[2026-03-01 11:05:18] [MEDIUM] [system] 2026-03-01 11:05:14.605903+0530  localhost runningboardd[372]: (AppServerSupport) [com.apple.libxpc.OSLaunchdJob:all] copyJobWithPid:40042 failed with error 113: Could not find specified service
[2026-03-01 11:05:18] [LOW] [system] 2026-03-01 11:05:14.621995+0530  localhost kernel[0]: (AppleMobileFileIntegrity) AMFI: Launch Constraint Violation (not enforcing), error info: c[6]p[2]m[3]e[255], (System process was launched as an application unexpectedly) launching proc[vc: 1 pid: 40043]: /System/Volumes/Preboot/Cryptexes/App/System/Applications/Safari.app/Contents/MacOS/Safari, launch type 3, failure proc [vc: 1 pid: 1]: /sbin/launchd
[2026-03-01 11:05:50] [LOW] [system] 2026-03-01 11:05:48.045689+0530  localhost cloudd[26386]: (CloudKitDaemon) [com.apple.cloudkit:OP] Operation F142133A00C0B1AE is transitioning from state [Mark Record Handlers As Uploaded], stop:0, cancelled:0, error:(null)
[2026-03-01 11:05:50] [LOW] [system] 2026-03-01 11:05:48.045708+0530  localhost cloudd[26386]: (CloudKitDaemon) [com.apple.cloudkit:OP] Operation F142133A00C0B1AE is transitioning from state [Uploading Mergeable Deltas], stop:0, cancelled:0, error:(null)
[2026-03-01 11:05:50] [LOW] [system] 2026-03-01 11:05:48.218897+0530  localhost nsurlsessiond[634]: [com.apple.nsurlsessiond:background] NDSession <8C9E01B8-E5F6-4693-BE05-2F303D294A90> Task <034A3732-CCB9-4390-9FAE-FE00E3A366C9>.<13> completed with error (null) [0]. C(N)
[2026-03-01 11:05:50] [LOW] [system] 2026-03-01 11:05:48.229735+0530  localhost cloudd[26386]: (CloudKitDaemon) [com.apple.cloudkit:Request] req: E1567992-7DA7-487A-9F13-EB89FB9FADF6, "Finishing with error (null)"
[2026-03-01 11:05:50] [LOW] [system] 2026-03-01 11:05:48.231088+0530  localhost cloudd[26386]: (CloudKitDaemon) [com.apple.cloudkit:OP] Operation D5A3C2FCBED01EB0 is transitioning from state [Not Started], stop:0, cancelled:0, error:(null)
[2026-03-01 11:05:50] [LOW] [system] 2026-03-01 11:05:48.253933+0530  localhost cloudd[26386]: (CloudKitDaemon) [com.apple.cloudkit:OP] Operation D5A3C2FCBED01EB0 is transitioning from state [Fetch Records], stop:0, cancelled:0, error:(null)
[2026-03-01 11:05:50] [LOW] [system] 2026-03-01 11:05:48.253947+0530  localhost cloudd[26386]: (CloudKitDaemon) [com.apple.cloudkit:OP] Operation D5A3C2FCBED01EB0 is transitioning from state [Prefetch Cloud Public Certs], stop:0, cancelled:0, error:(null)
[2026-03-01 11:05:50] [LOW] [system] 2026-03-01 11:05:48.253953+0530  localhost cloudd[26386]: (CloudKitDaemon) [com.apple.cloudkit:OP] Operation D5A3C2FCBED01EB0 is transitioning from state [Updating Records], stop:0, cancelled:0, error:(null)
[2026-03-01 11:05:50] [LOW] [system] 2026-03-01 11:05:48.253976+0530  localhost cloudd[26386]: (CloudKitDaemon) [com.apple.cloudkit:OP] Operation D5A3C2FCBED01EB0 is transitioning from state [Download Mergeable Values], stop:0, cancelled:0, error:(null)
[2026-03-01 11:05:50] [LOW] [system] 2026-03-01 11:05:48.253985+0530  localhost cloudd[26386]: (CloudKitDaemon) [com.apple.cloudkit:OP] Operation D5A3C2FCBED01EB0 is transitioning from state [Download Assets], stop:0, cancelled:0, error:(null)
[2026-03-01 11:06:22] [MEDIUM] [system] 2026-03-01 11:06:18.703096+0530  localhost imagent[693]: (libxpc.dylib) [com.apple.xpc:connection] [0x14e38c070] invalidated after a failed init
[2026-03-01 11:06:22] [MEDIUM] [system] 2026-03-01 11:06:18.703172+0530  localhost imagent[693]: (ContactsPersistence) [com.apple.contacts:persistence] Persistent store service connection invalidated: failed at lookup with error 159 - Sandbox restriction
[2026-03-01 11:06:22] [MEDIUM] [system] 2026-03-01 11:06:18.703286+0530  localhost imagent[693]: (ContactsPersistence) [com.apple.contacts:persistence] Error communicating with persistent store service proxy: Error Domain=NSCocoaErrorDomain Code=4099 "The connection to service named com.apple.contactsd.persistence was invalidated: failed at lookup with error 159 - Sandbox restriction." UserInfo={NSDebugDescription=The connection to service named com.apple.contactsd.persistence was invalidated: failed at lookup with error 159 - Sandbox restriction.}
[2026-03-01 11:06:22] [MEDIUM] [system] 2026-03-01 11:06:18.703422+0530  localhost imagent[693]: (CoreData) [com.apple.coredata:error] error: Failed to create NSXPCConnection
[2026-03-01 11:06:22] [MEDIUM] [system] 2026-03-01 11:06:18.703581+0530  localhost imagent[693]: (libxpc.dylib) [com.apple.xpc:connection] [0x14e5ff1b0] failed to do a bootstrap look-up: xpc_error=[159: Unknown error: 159]
[2026-03-01 11:06:22] [MEDIUM] [system] 2026-03-01 11:06:18.703601+0530  localhost imagent[693]: (libxpc.dylib) [com.apple.xpc:connection] [0x14e5ff1b0] invalidated after a failed init
[2026-03-01 11:06:22] [MEDIUM] [system] 2026-03-01 11:06:18.703628+0530  localhost imagent[693]: (ContactsPersistence) [com.apple.contacts:persistence] Persistent store service connection invalidated: failed at lookup with error 159 - Sandbox restriction
[2026-03-01 11:06:22] [MEDIUM] [system] 2026-03-01 11:06:18.703700+0530  localhost imagent[693]: (ContactsPersistence) [com.apple.contacts:persistence] Error communicating with persistent store service proxy: Error Domain=NSCocoaErrorDomain Code=4099 "The connection to service named com.apple.contactsd.persistence was invalidated: failed at lookup with error 159 - Sandbox restriction." UserInfo={NSDebugDescription=The connection to service named com.apple.contactsd.persistence was invalidated: failed at lookup with error 159 - Sandbox restriction.}
[2026-03-01 11:06:22] [MEDIUM] [system] 2026-03-01 11:06:18.703761+0530  localhost imagent[693]: (CoreData) [com.apple.coredata:error] error: Failed to create NSXPCConnection
[2026-03-01 11:06:22] [MEDIUM] [system] 2026-03-01 11:06:18.703783+0530  localhost imagent[693]: (CoreData) CoreData: XPC: sendMessage: failed #2
[2026-03-01 11:06:53] [MEDIUM] [system] 2026-03-01 11:06:51.794499+0530  localhost searchpartyuseragent[1084]: (ContactsPersistence) [com.apple.contacts:persistence] Persistent store service connection invalidated: failed at lookup with error 159 - Sandbox restriction
[2026-03-01 11:06:53] [MEDIUM] [system] 2026-03-01 11:06:51.794683+0530  localhost searchpartyuseragent[1084]: (ContactsPersistence) [com.apple.contacts:persistence] Error communicating with persistent store service proxy: Error Domain=NSCocoaErrorDomain Code=4099 "The connection to service named com.apple.contactsd.persistence was invalidated: failed at lookup with error 159 - Sandbox restriction." UserInfo={NSDebugDescription=The connection to service named com.apple.contactsd.persistence was invalidated: failed at lookup with error 159 - Sandbox restriction.}
[2026-03-01 11:06:53] [MEDIUM] [system] 2026-03-01 11:06:51.794817+0530  localhost searchpartyuseragent[1084]: (CoreData) [com.apple.coredata:error] error: Failed to create NSXPCConnection
[2026-03-01 11:06:53] [MEDIUM] [system] 2026-03-01 11:06:51.794866+0530  localhost searchpartyuseragent[1084]: (CoreData) CoreData: XPC: sendMessage: failed #5
[2026-03-01 11:06:53] [LOW] [system] 2026-03-01 11:06:52.103210+0530  localhost nsurlsessiond[634]: [com.apple.nsurlsessiond:background] NDSession <8FDEED12-FEB5-4CB6-8461-94F73257522B> Task <D9CDA717-A096-43DB-8B15-6A029E56BD64>.<27> completed with error (null) [0]. C(N)
[2026-03-01 11:06:53] [LOW] [system] 2026-03-01 11:06:52.108485+0530  localhost cloudd[26386]: (CloudKitDaemon) [com.apple.cloudkit:Request] req: B366145E-C52B-4F7B-AAE0-1E1EBE0E5607, "Finishing with error (null)"
[2026-03-01 11:06:53] [LOW] [system] 2026-03-01 11:06:52.109138+0530  localhost cloudd[26386]: (CloudKitDaemon) [com.apple.cloudkit:OP] Operation 7D5ACE014F2C96B5 is transitioning from state [Fetch Upload Tokens], stop:0, cancelled:0, error:(null)
[2026-03-01 11:06:53] [LOW] [system] 2026-03-01 11:06:52.110118+0530  localhost cloudd[26386]: (AssetCacheServices) [com.apple.AssetCacheServices:Framework] #07b83831 ACSMightCurrentNetworkHaveCachingServer -> [same] mightHave YES, error (null), elapsed 0.000
[2026-03-01 11:06:53] [LOW] [system] 2026-03-01 11:06:52.113009+0530  localhost cloudd[26386]: (AssetCacheServices) [com.apple.AssetCacheServices:Framework] #0cca503e ACSLocateCachingServer -> [new] newURL (null), advice (null), error (null), elapsed 0.001/30.000
[2026-03-01 11:06:53] [LOW] [system] 2026-03-01 11:06:52.113060+0530  localhost cloudd[26386]: (MMCS) [com.apple.mmcs:default] couldn't get proxy url with no error
[2026-03-01 11:07:25] [LOW] [system] 2026-03-01 11:07:23.309732+0530  localhost cloudd[26386]: (CloudKitDaemon) [com.apple.cloudkit:OP] Operation 274331ED5A0BF6F5 is transitioning from state [Toposort Records], stop:0, cancelled:0, error:(null)
[2026-03-01 11:07:25] [LOW] [system] 2026-03-01 11:07:23.309747+0530  localhost cloudd[26386]: (CloudKitDaemon) [com.apple.cloudkit:OP] Operation 274331ED5A0BF6F5 is transitioning from state [Prepare Parent PCS], stop:0, cancelled:0, error:(null)
[2026-03-01 11:07:25] [LOW] [system] 2026-03-01 11:07:23.309754+0530  localhost cloudd[26386]: (CloudKitDaemon) [com.apple.cloudkit:OP] Operation 274331ED5A0BF6F5 is transitioning from state [Fetch Share PCS], stop:0, cancelled:0, error:(null)
[2026-03-01 11:07:25] [LOW] [system] 2026-03-01 11:07:23.311950+0530  localhost cloudd[26386]: (CloudKitDaemon) [com.apple.cloudkit:OP] Operation 274331ED5A0BF6F5 is transitioning from state [Fetch Record PCS], stop:0, cancelled:0, error:(null)
[2026-03-01 11:07:25] [LOW] [system] 2026-03-01 11:07:23.312079+0530  localhost cloudd[26386]: (CloudKitDaemon) [com.apple.cloudkit:OP] Operation 274331ED5A0BF6F5 is transitioning from state [Fetch Asset Records for ReReference], stop:0, cancelled:0, error:(null)
[2026-03-01 11:07:25] [LOW] [system] 2026-03-01 11:07:23.312162+0530  localhost cloudd[26386]: (CloudKitDaemon) [com.apple.cloudkit:OP] Operation 274331ED5A0BF6F5 is transitioning from state [Prepare For Upload], stop:0, cancelled:0, error:(null)
[2026-03-01 11:07:25] [LOW] [system] 2026-03-01 11:07:23.312721+0530  localhost cloudd[26386]: (CloudKitDaemon) [com.apple.cloudkit:OP] Operation 3EB83C0B61C85711 is transitioning from state [Not Started], stop:0, cancelled:0, error:(null)
[2026-03-01 11:07:25] [LOW] [system] 2026-03-01 11:07:23.312761+0530  localhost cloudd[26386]: (CloudKitDaemon) [com.apple.cloudkit:OP] Operation 3EB83C0B61C85711 is transitioning from state [Fetch Configuration], stop:0, cancelled:0, error:(null)
[2026-03-01 11:07:25] [LOW] [system] 2026-03-01 11:07:23.317085+0530  localhost cloudd[26386]: (AssetCacheServices) [com.apple.AssetCacheServices:Framework] #e0bbf792 ACSMightCurrentNetworkHaveCachingServer -> [new] mightHave YES, error (null), elapsed 0.000
[2026-03-01 11:07:25] [LOW] [system] 2026-03-01 11:07:23.334375+0530  localhost cloudd[26386]: (CloudKitDaemon) [com.apple.cloudkit:OP] Operation 3EB83C0B61C85711 is transitioning from state [Prepare For Upload], stop:0, cancelled:0, error:(null)
[2026-03-01 11:07:56] [MEDIUM] [system] 2026-03-01 11:07:54.984678+0530  localhost Family[30446]: (ContactsPersistence) [com.apple.contacts:persistence] Error communicating with persistent store service proxy: Error Domain=NSCocoaErrorDomain Code=4099 "The connection to service named com.apple.contactsd.persistence was invalidated: failed at lookup with error 159 - Sandbox restriction." UserInfo={NSDebugDescription=The connection to service named com.apple.contactsd.persistence was invalidated: failed at lookup with error 159 - Sandbox restriction.}
[2026-03-01 11:07:56] [MEDIUM] [system] 2026-03-01 11:07:54.984747+0530  localhost Family[30446]: (CoreData) [com.apple.coredata:error] error: Failed to create NSXPCConnection
[2026-03-01 11:07:56] [MEDIUM] [system] 2026-03-01 11:07:54.984774+0530  localhost Family[30446]: (CoreData) CoreData: XPC: sendMessage: failed #6
[2026-03-01 11:07:56] [LOW] [system] 2026-03-01 11:07:55.123565+0530  localhost bluetoothd[361]: (WPDaemon) [com.apple.bluetooth:WirelessProximity] [Privacy] Did stop advertising with error: (null)
[2026-03-01 11:07:56] [LOW] [system] 2026-03-01 11:07:55.123815+0530  localhost bluetoothd[361]: (WPDaemon) [com.apple.bluetooth:WirelessProximity] [Privacy] Did stop advertising with error: (null)
[2026-03-01 11:07:56] [LOW] [system] 2026-03-01 11:07:55.123997+0530  localhost bluetoothd[361]: (WPDaemon) [com.apple.bluetooth:WirelessProximity] Started to advertise for type 9 with error (null)
[2026-03-01 11:07:56] [LOW] [system] 2026-03-01 11:07:55.124004+0530  localhost bluetoothd[361]: (WPDaemon) [com.apple.bluetooth:WirelessProximity] Started to advertise for type 12 with error (null)
[2026-03-01 11:07:56] [LOW] [system] 2026-03-01 11:07:55.124050+0530  localhost bluetoothd[361]: (WPDaemon) [com.apple.bluetooth:WirelessProximity] Started to advertise for type 16 with error (null)
[2026-03-01 11:07:56] [LOW] [system] 2026-03-01 11:07:55.124092+0530  localhost bluetoothd[361]: (WPDaemon) [com.apple.bluetooth:WirelessProximity] Started to advertise for type 22 with error (null)
[2026-03-01 11:07:56] [MEDIUM] [system] 2026-03-01 11:07:55.185683+0530  localhost launchd[1]: [system:] failed lookup: name = com.apple.AppleLOM.Watchdog, flags = 0x1, requestor = watchdogd[325], error = 3: No such process
[2026-03-01 11:08:28] [LOW] [system] 2026-03-01 11:08:25.365050+0530  localhost cloudd[26386]: (CloudKitDaemon) [com.apple.cloudkit:OP] Operation 0B96CF80E716624B is transitioning from state [Mark Record Handlers As Uploaded], stop:0, cancelled:0, error:(null)
[2026-03-01 11:08:28] [LOW] [system] 2026-03-01 11:08:25.365062+0530  localhost cloudd[26386]: (CloudKitDaemon) [com.apple.cloudkit:OP] Operation 0B96CF80E716624B is transitioning from state [Uploading Mergeable Deltas], stop:0, cancelled:0, error:(null)
[2026-03-01 11:08:28] [LOW] [system] 2026-03-01 11:08:25.902291+0530  localhost nsurlsessiond[634]: [com.apple.nsurlsessiond:background] NDSession <8C9E01B8-E5F6-4693-BE05-2F303D294A90> Task <BB4FB4E5-7030-46BE-BBD4-5CE9CD069AFA>.<22> completed with error (null) [0]. C(N)
[2026-03-01 11:08:28] [LOW] [system] 2026-03-01 11:08:25.919325+0530  localhost cloudd[26386]: (CloudKitDaemon) [com.apple.cloudkit:Request] req: 210C608A-AB81-4E22-873E-8E815A930DFC, "Finishing with error (null)"
[2026-03-01 11:08:28] [LOW] [system] 2026-03-01 11:08:25.954370+0530  localhost cloudd[26386]: (CloudKitDaemon) [com.apple.cloudkit:OP] Operation 6839A365565461A0 is transitioning from state [Not Started], stop:0, cancelled:0, error:(null)
[2026-03-01 11:08:28] [LOW] [system] 2026-03-01 11:08:26.006256+0530  localhost cloudd[26386]: (CloudKitDaemon) [com.apple.cloudkit:OP] Operation 6839A365565461A0 is transitioning from state [Fetch Records], stop:0, cancelled:0, error:(null)
[2026-03-01 11:08:28] [LOW] [system] 2026-03-01 11:08:26.006268+0530  localhost cloudd[26386]: (CloudKitDaemon) [com.apple.cloudkit:OP] Operation 6839A365565461A0 is transitioning from state [Prefetch Cloud Public Certs], stop:0, cancelled:0, error:(null)
[2026-03-01 11:08:28] [LOW] [system] 2026-03-01 11:08:26.006272+0530  localhost cloudd[26386]: (CloudKitDaemon) [com.apple.cloudkit:OP] Operation 6839A365565461A0 is transitioning from state [Updating Records], stop:0, cancelled:0, error:(null)
[2026-03-01 11:08:28] [LOW] [system] 2026-03-01 11:08:26.006281+0530  localhost cloudd[26386]: (CloudKitDaemon) [com.apple.cloudkit:OP] Operation 6839A365565461A0 is transitioning from state [Download Mergeable Values], stop:0, cancelled:0, error:(null)
[2026-03-01 11:08:28] [LOW] [system] 2026-03-01 11:08:26.006290+0530  localhost cloudd[26386]: (CloudKitDaemon) [com.apple.cloudkit:OP] Operation 6839A365565461A0 is transitioning from state [Download Assets], stop:0, cancelled:0, error:(null)
[2026-03-01 11:08:59] [MEDIUM] [system] 2026-03-01 11:08:58.384288+0530  localhost searchpartyuseragent[1084]: (libxpc.dylib) [com.apple.xpc:connection] [0x1546e24d0] invalidated after a failed init
[2026-03-01 11:08:59] [MEDIUM] [system] 2026-03-01 11:08:58.384379+0530  localhost searchpartyuseragent[1084]: (ContactsPersistence) [com.apple.contacts:persistence] Persistent store service connection invalidated: failed at lookup with error 159 - Sandbox restriction
[2026-03-01 11:08:59] [MEDIUM] [system] 2026-03-01 11:08:58.384423+0530  localhost searchpartyuseragent[1084]: (ContactsPersistence) [com.apple.contacts:persistence] Error communicating with persistent store service proxy: Error Domain=NSCocoaErrorDomain Code=4099 "The connection to service named com.apple.contactsd.persistence was invalidated: failed at lookup with error 159 - Sandbox restriction." UserInfo={NSDebugDescription=The connection to service named com.apple.contactsd.persistence was invalidated: failed at lookup with error 159 - Sandbox restriction.}
[2026-03-01 11:08:59] [MEDIUM] [system] 2026-03-01 11:08:58.384522+0530  localhost searchpartyuseragent[1084]: (CoreData) [com.apple.coredata:error] error: Failed to create NSXPCConnection
[2026-03-01 11:08:59] [MEDIUM] [system] 2026-03-01 11:08:58.384606+0530  localhost searchpartyuseragent[1084]: (libxpc.dylib) [com.apple.xpc:connection] [0x15595fd40] failed to do a bootstrap look-up: xpc_error=[159: Unknown error: 159]
[2026-03-01 11:08:59] [MEDIUM] [system] 2026-03-01 11:08:58.384607+0530  localhost searchpartyuseragent[1084]: (libxpc.dylib) [com.apple.xpc:connection] [0x15595fd40] invalidated after a failed init
[2026-03-01 11:08:59] [MEDIUM] [system] 2026-03-01 11:08:58.384648+0530  localhost searchpartyuseragent[1084]: (ContactsPersistence) [com.apple.contacts:persistence] Persistent store service connection invalidated: failed at lookup with error 159 - Sandbox restriction
[2026-03-01 11:08:59] [MEDIUM] [system] 2026-03-01 11:08:58.384697+0530  localhost searchpartyuseragent[1084]: (ContactsPersistence) [com.apple.contacts:persistence] Error communicating with persistent store service proxy: Error Domain=NSCocoaErrorDomain Code=4099 "The connection to service named com.apple.contactsd.persistence was invalidated: failed at lookup with error 159 - Sandbox restriction." UserInfo={NSDebugDescription=The connection to service named com.apple.contactsd.persistence was invalidated: failed at lookup with error 159 - Sandbox restriction.}
[2026-03-01 11:08:59] [MEDIUM] [system] 2026-03-01 11:08:58.384735+0530  localhost searchpartyuseragent[1084]: (CoreData) [com.apple.coredata:error] error: Failed to create NSXPCConnection
[2026-03-01 11:08:59] [MEDIUM] [system] 2026-03-01 11:08:58.384752+0530  localhost searchpartyuseragent[1084]: (CoreData) CoreData: XPC: sendMessage: failed #4
[2026-03-01 11:09:31] [MEDIUM] [system] 2026-03-01 11:09:28.312870+0530  localhost Family[30446]: (libxpc.dylib) [com.apple.xpc:connection] [0x1271e5780] invalidated after a failed init
[2026-03-01 11:09:31] [MEDIUM] [system] 2026-03-01 11:09:28.312939+0530  localhost Family[30446]: (ContactsPersistence) [com.apple.contacts:persistence] Persistent store service connection invalidated: failed at lookup with error 159 - Sandbox restriction
[2026-03-01 11:09:31] [MEDIUM] [system] 2026-03-01 11:09:28.313112+0530  localhost Family[30446]: (ContactsPersistence) [com.apple.contacts:persistence] Error communicating with persistent store service proxy: Error Domain=NSCocoaErrorDomain Code=4099 "The connection to service named com.apple.contactsd.persistence was invalidated: failed at lookup with error 159 - Sandbox restriction." UserInfo={NSDebugDescription=The connection to service named com.apple.contactsd.persistence was invalidated: failed at lookup with error 159 - Sandbox restriction.}
[2026-03-01 11:09:31] [MEDIUM] [system] 2026-03-01 11:09:28.313246+0530  localhost Family[30446]: (CoreData) [com.apple.coredata:error] error: Failed to create NSXPCConnection
[2026-03-01 11:09:31] [MEDIUM] [system] 2026-03-01 11:09:28.313426+0530  localhost Family[30446]: (libxpc.dylib) [com.apple.xpc:connection] [0x12335d7b0] failed to do a bootstrap look-up: xpc_error=[159: Unknown error: 159]
[2026-03-01 11:09:31] [MEDIUM] [system] 2026-03-01 11:09:28.313429+0530  localhost Family[30446]: (libxpc.dylib) [com.apple.xpc:connection] [0x12335d7b0] invalidated after a failed init
[2026-03-01 11:09:31] [MEDIUM] [system] 2026-03-01 11:09:28.313452+0530  localhost Family[30446]: (ContactsPersistence) [com.apple.contacts:persistence] Persistent store service connection invalidated: failed at lookup with error 159 - Sandbox restriction
[2026-03-01 11:09:31] [MEDIUM] [system] 2026-03-01 11:09:28.313551+0530  localhost Family[30446]: (ContactsPersistence) [com.apple.contacts:persistence] Error communicating with persistent store service proxy: Error Domain=NSCocoaErrorDomain Code=4099 "The connection to service named com.apple.contactsd.persistence was invalidated: failed at lookup with error 159 - Sandbox restriction." UserInfo={NSDebugDescription=The connection to service named com.apple.contactsd.persistence was invalidated: failed at lookup with error 159 - Sandbox restriction.}
[2026-03-01 11:09:31] [MEDIUM] [system] 2026-03-01 11:09:28.313653+0530  localhost Family[30446]: (CoreData) [com.apple.coredata:error] error: Failed to create NSXPCConnection
[2026-03-01 11:09:31] [MEDIUM] [system] 2026-03-01 11:09:28.313676+0530  localhost Family[30446]: (CoreData) CoreData: XPC: sendMessage: failed #2
[2026-03-01 11:10:04] [MEDIUM] [system] 2026-03-01 11:10:01.423158+0530  localhost Family[30446]: (libxpc.dylib) [com.apple.xpc:connection] [0x1232fe100] failed to do a bootstrap look-up: xpc_error=[159: Unknown error: 159]
[2026-03-01 11:10:04] [MEDIUM] [system] 2026-03-01 11:10:01.423185+0530  localhost Family[30446]: (libxpc.dylib) [com.apple.xpc:connection] [0x1232fe100] invalidated after a failed init
[2026-03-01 11:10:04] [MEDIUM] [system] 2026-03-01 11:10:01.423236+0530  localhost Family[30446]: (ContactsPersistence) [com.apple.contacts:persistence] Persistent store service connection invalidated: failed at lookup with error 159 - Sandbox restriction
[2026-03-01 11:10:04] [MEDIUM] [system] 2026-03-01 11:10:01.423473+0530  localhost Family[30446]: (ContactsPersistence) [com.apple.contacts:persistence] Error communicating with persistent store service proxy: Error Domain=NSCocoaErrorDomain Code=4099 "The connection to service named com.apple.contactsd.persistence was invalidated: failed at lookup with error 159 - Sandbox restriction." UserInfo={NSDebugDescription=The connection to service named com.apple.contactsd.persistence was invalidated: failed at lookup with error 159 - Sandbox restriction.}
[2026-03-01 11:10:04] [MEDIUM] [system] 2026-03-01 11:10:01.423578+0530  localhost Family[30446]: (CoreData) [com.apple.coredata:error] error: Failed to create NSXPCConnection
[2026-03-01 11:10:04] [MEDIUM] [system] 2026-03-01 11:10:01.423616+0530  localhost Family[30446]: (CoreData) CoreData: XPC: sendMessage: failed #6
[2026-03-01 11:10:04] [LOW] [system] 2026-03-01 11:10:01.510377+0530  localhost spindump[40269]: (LaunchServices) [com.apple.launchservices:default] XPC error in _LSSecretManagementDecryptData: Error Domain=NSCocoaErrorDomain Code=4097 UserInfo={NSDebugDescription=<private>}
[2026-03-01 11:10:04] [LOW] [system] 2026-03-01 11:10:01.619347+0530  localhost runningboardd[372]: (RunningBoard) [com.apple.runningboard:jetsam] memorystatus_control error: MEMORYSTATUS_CMD_CONVERT_MEMLIMIT_MB(-1) returned -1 22 (Invalid argument)
[2026-03-01 11:10:04] [LOW] [system] 2026-03-01 11:10:01.619351+0530  localhost runningboardd[372]: (RunningBoard) [com.apple.runningboard:jetsam] memorystatus_control error: MEMORYSTATUS_CMD_CONVERT_MEMLIMIT_MB(0) returned -1 22 (Invalid argument)
[2026-03-01 11:10:04] [LOW] [system] 2026-03-01 11:10:01.691900+0530  localhost spindump[40269]: (LaunchServices) [com.apple.launchservices:default] XPC error in _LSSecretManagementDecryptData: Error Domain=NSCocoaErrorDomain Code=4097 UserInfo={NSDebugDescription=<private>}
[2026-03-01 11:10:37] [MEDIUM] [system] 2026-03-01 11:10:34.538438+0530  localhost Family[30446]: (ContactsPersistence) [com.apple.contacts:persistence] Persistent store service connection invalidated: failed at lookup with error 159 - Sandbox restriction
[2026-03-01 11:10:37] [MEDIUM] [system] 2026-03-01 11:10:34.539032+0530  localhost Family[30446]: (ContactsPersistence) [com.apple.contacts:persistence] Error communicating with persistent store service proxy: Error Domain=NSCocoaErrorDomain Code=4099 "The connection to service named com.apple.contactsd.persistence was invalidated: failed at lookup with error 159 - Sandbox restriction." UserInfo={NSDebugDescription=The connection to service named com.apple.contactsd.persistence was invalidated: failed at lookup with error 159 - Sandbox restriction.}
[2026-03-01 11:10:37] [MEDIUM] [system] 2026-03-01 11:10:34.539263+0530  localhost Family[30446]: (CoreData) [com.apple.coredata:error] error: Failed to create NSXPCConnection
[2026-03-01 11:10:37] [MEDIUM] [system] 2026-03-01 11:10:34.539437+0530  localhost Family[30446]: (libxpc.dylib) [com.apple.xpc:connection] [0x1232ffc20] failed to do a bootstrap look-up: xpc_error=[159: Unknown error: 159]
[2026-03-01 11:10:37] [MEDIUM] [system] 2026-03-01 11:10:34.539460+0530  localhost Family[30446]: (libxpc.dylib) [com.apple.xpc:connection] [0x1232ffc20] invalidated after a failed init
[2026-03-01 11:10:37] [MEDIUM] [system] 2026-03-01 11:10:34.539484+0530  localhost Family[30446]: (ContactsPersistence) [com.apple.contacts:persistence] Persistent store service connection invalidated: failed at lookup with error 159 - Sandbox restriction
[2026-03-01 11:10:37] [MEDIUM] [system] 2026-03-01 11:10:34.539665+0530  localhost Family[30446]: (ContactsPersistence) [com.apple.contacts:persistence] Error communicating with persistent store service proxy: Error Domain=NSCocoaErrorDomain Code=4099 "The connection to service named com.apple.contactsd.persistence was invalidated: failed at lookup with error 159 - Sandbox restriction." UserInfo={NSDebugDescription=The connection to service named com.apple.contactsd.persistence was invalidated: failed at lookup with error 159 - Sandbox restriction.}
[2026-03-01 11:10:37] [MEDIUM] [system] 2026-03-01 11:10:34.539727+0530  localhost Family[30446]: (CoreData) [com.apple.coredata:error] error: Failed to create NSXPCConnection
[2026-03-01 11:10:37] [MEDIUM] [system] 2026-03-01 11:10:34.539750+0530  localhost Family[30446]: (CoreData) CoreData: XPC: sendMessage: failed #3
[2026-03-01 11:10:37] [MEDIUM] [system] 2026-03-01 11:10:34.897853+0530  localhost systemstats[309]: [com.apple.os_debug_log:] assertion failed: 23D60: systemstats + 370604 [5E9346C0-CFE4-3927-BD38-72CA383718E7]: 0x0
